
Running 34 tests using 2 workers

  ✓   1 [chromium] › e2e/android-workout-layout.spec.ts:48:3 › standard text 360px, modern engine: compact complete workout (4.3s)
  ✓   2 [chromium] › e2e/exercise-card-density.spec.ts:23:3 › RDL target, pinned note and working sets remain readable and editable: 375x812 (4.7s)
  ✓   3 [chromium] › e2e/android-workout-layout.spec.ts:48:3 › standard text 360px, without container queries: compact complete workout (2.6s)
  ✓   4 [chromium] › e2e/exercise-card-density.spec.ts:23:3 › RDL target, pinned note and working sets remain readable and editable: 390x844 (3.4s)
  ✓   5 [chromium] › e2e/android-workout-layout.spec.ts:48:3 › standard text 375px, modern engine: compact complete workout (3.0s)
  ✓   6 [chromium] › e2e/exercise-card-density.spec.ts:23:3 › RDL target, pinned note and working sets remain readable and editable: 393x852 (2.6s)
  ✓   7 [chromium] › e2e/android-workout-layout.spec.ts:48:3 › standard text 375px, without container queries: compact complete workout (2.4s)
  ✓   8 [chromium] › e2e/exercise-card-density.spec.ts:23:3 › RDL target, pinned note and working sets remain readable and editable: 320x852-text125 (2.7s)
  ✓   9 [chromium] › e2e/android-workout-layout.spec.ts:48:3 › standard text 393px, modern engine: compact complete workout (2.4s)
  ✓  10 [chromium] › e2e/exercise-card-density.spec.ts:23:3 › RDL target, pinned note and working sets remain readable and editable: 320x852-text200 (2.7s)
  ✓  11 [chromium] › e2e/android-workout-layout.spec.ts:48:3 › standard text 393px, without container queries: compact complete workout (2.3s)
  ✓  12 [chromium] › e2e/exercise-card-density.spec.ts:245:3 › all tracking fields and actions fit without horizontal scrolling at 20px text (7.2s)
  ✓  13 [chromium] › e2e/android-workout-layout.spec.ts:117:1 › without container queries: all tracking types retain every usable field and remove action at 360px (7.5s)
  ✓  15 [chromium] › e2e/workout-day-note-density.spec.ts:8:3 › future workout note 360px: compact explanation and editable complete note (1.3s)
  ✓  16 [chromium] › e2e/workout-day-note-density.spec.ts:8:3 › future workout note 375px: compact explanation and editable complete note (1.3s)
  ✓  17 [chromium] › e2e/workout-day-note-density.spec.ts:8:3 › future workout note 393px: compact explanation and editable complete note (1.3s)
  ✓  14 [chromium] › e2e/exercise-card-density.spec.ts:245:3 › all tracking fields and actions fit without horizontal scrolling at 32px text (8.2s)
  ✓  18 [webkit] › e2e/android-workout-layout.spec.ts:48:3 › standard text 360px, modern engine: compact complete workout (7.2s)
  ✓  19 [webkit] › e2e/exercise-card-density.spec.ts:23:3 › RDL target, pinned note and working sets remain readable and editable: 375x812 (7.7s)
  ✓  20 [webkit] › e2e/android-workout-layout.spec.ts:48:3 › standard text 360px, without container queries: compact complete workout (6.5s)
  ✓  21 [webkit] › e2e/exercise-card-density.spec.ts:23:3 › RDL target, pinned note and working sets remain readable and editable: 390x844 (5.3s)
  ✓  22 [webkit] › e2e/android-workout-layout.spec.ts:48:3 › standard text 375px, modern engine: compact complete workout (4.8s)
  ✓  23 [webkit] › e2e/exercise-card-density.spec.ts:23:3 › RDL target, pinned note and working sets remain readable and editable: 393x852 (4.9s)
  ✓  24 [webkit] › e2e/android-workout-layout.spec.ts:48:3 › standard text 375px, without container queries: compact complete workout (5.2s)
  ✓  25 [webkit] › e2e/exercise-card-density.spec.ts:23:3 › RDL target, pinned note and working sets remain readable and editable: 320x852-text125 (5.8s)
  ✓  26 [webkit] › e2e/android-workout-layout.spec.ts:48:3 › standard text 393px, modern engine: compact complete workout (4.4s)
  ✓  27 [webkit] › e2e/exercise-card-density.spec.ts:23:3 › RDL target, pinned note and working sets remain readable and editable: 320x852-text200 (6.3s)
  ✓  28 [webkit] › e2e/android-workout-layout.spec.ts:48:3 › standard text 393px, without container queries: compact complete workout (5.6s)
  ✓  29 [webkit] › e2e/exercise-card-density.spec.ts:245:3 › all tracking fields and actions fit without horizontal scrolling at 20px text (10.0s)
  ✓  30 [webkit] › e2e/android-workout-layout.spec.ts:117:1 › without container queries: all tracking types retain every usable field and remove action at 360px (10.4s)
  ✓  32 [webkit] › e2e/workout-day-note-density.spec.ts:8:3 › future workout note 360px: compact explanation and editable complete note (3.4s)
  ✓  33 [webkit] › e2e/workout-day-note-density.spec.ts:8:3 › future workout note 375px: compact explanation and editable complete note (4.4s)
  ✓  31 [webkit] › e2e/exercise-card-density.spec.ts:245:3 › all tracking fields and actions fit without horizontal scrolling at 32px text (10.2s)
  ✓  34 [webkit] › e2e/workout-day-note-density.spec.ts:8:3 › future workout note 393px: compact explanation and editable complete note (4.5s)

  34 passed (1.5m)
